jjjjjjjj 1923
